[06:02:04] setting up <server> and <client>
[06:02:06] server 172.31.33.122 (enp39s0), client 172.31.41.44 (enp39s0)
[06:02:08] rep 1, profile default
[06:02:11] run: quic 4433 bulk 20 unsegmented cpus=2,8,9,10,11,12,13,14,15
[06:02:33] run: tls 4433 bulk 20 cpus=2,8,9,10,11,12,13,14,15
[06:02:55] run: quic 4433 bulk 20 cpus=2,8,9,10,11,12,13,14,15
[06:03:17] run: quic 4433 ping datagram 64 20 cpus=2,8,9,10,11,12,13,14,15 samples=carrier-samples/1-default-quic-datagram-ping-64
[06:03:39] run: quic 4433 ping datagram 256 20 cpus=2,8,9,10,11,12,13,14,15 samples=carrier-samples/1-default-quic-datagram-ping-256
[06:04:01] run: quic 4433 ping datagram 1024 20 cpus=2,8,9,10,11,12,13,14,15 samples=carrier-samples/1-default-quic-datagram-ping-1024
[06:04:23] run: tls 4433 ping stream 64 20 cpus=2,8,9,10,11,12,13,14,15 samples=carrier-samples/1-default-tls-stream-ping-64
[06:04:45] run: tls 4433 ping stream 256 20 cpus=2,8,9,10,11,12,13,14,15 samples=carrier-samples/1-default-tls-stream-ping-256
[06:05:07] run: tls 4433 ping stream 1024 20 cpus=2,8,9,10,11,12,13,14,15 samples=carrier-samples/1-default-tls-stream-ping-1024
[06:05:28] run: tls 4433 ping stream 4096 20 cpus=2,8,9,10,11,12,13,14,15 samples=carrier-samples/1-default-tls-stream-ping-4096
[06:05:50] run: tls 4433 ping stream 16384 20 cpus=2,8,9,10,11,12,13,14,15 samples=carrier-samples/1-default-tls-stream-ping-16384
[06:06:12] run: tls 4433 ping stream 65536 20 cpus=2,8,9,10,11,12,13,14,15 samples=carrier-samples/1-default-tls-stream-ping-65536
[06:06:34] run: quic 4433 ping stream 64 20 cpus=2,8,9,10,11,12,13,14,15 samples=carrier-samples/1-default-quic-stream-ping-64
[06:06:56] run: quic 4433 ping stream 256 20 cpus=2,8,9,10,11,12,13,14,15 samples=carrier-samples/1-default-quic-stream-ping-256
[06:07:18] run: quic 4433 ping stream 1024 20 cpus=2,8,9,10,11,12,13,14,15 samples=carrier-samples/1-default-quic-stream-ping-1024
[06:07:40] run: quic 4433 ping stream 4096 20 cpus=2,8,9,10,11,12,13,14,15 samples=carrier-samples/1-default-quic-stream-ping-4096
[06:08:02] run: quic 4433 ping stream 16384 20 cpus=2,8,9,10,11,12,13,14,15 samples=carrier-samples/1-default-quic-stream-ping-16384
[06:08:24] run: quic 4433 ping stream 65536 20 cpus=2,8,9,10,11,12,13,14,15 samples=carrier-samples/1-default-quic-stream-ping-65536
[06:08:47] run: quic 4433 paced datagram 256 1000 60 shared cpus=2,8,9,10,11,12,13,14,15 samples=carrier-samples/1-default-quic-datagram-paced-shared
[06:09:51] run: quic 4433 paced datagram 256 1000 60 none cpus=2,8,9,10,11,12,13,14,15 samples=carrier-samples/1-default-quic-datagram-paced-link-quic
[06:10:56] run: quic 4433 paced datagram 256 1000 60 none cpus=2,8,9,10,11,12,13,14,15 samples=carrier-samples/1-default-quic-datagram-paced-link-tls
[06:11:59] run: quic 4433 paced datagram 256 1000 60 none cpus=2,8,9,10,11,12,13,14,15 samples=carrier-samples/1-default-quic-datagram-paced-none
[06:13:01] run: tls 4433 paced stream 256 1000 60 shared cpus=2,8,9,10,11,12,13,14,15 samples=carrier-samples/1-default-tls-stream-paced-shared
[06:14:05] run: tls 4433 paced stream 256 1000 60 none cpus=2,8,9,10,11,12,13,14,15 samples=carrier-samples/1-default-tls-stream-paced-link-quic
[06:15:11] run: tls 4433 paced stream 256 1000 60 none cpus=2,8,9,10,11,12,13,14,15 samples=carrier-samples/1-default-tls-stream-paced-link-tls
[06:16:14] run: tls 4433 paced stream 256 1000 60 none cpus=2,8,9,10,11,12,13,14,15 samples=carrier-samples/1-default-tls-stream-paced-none
[06:17:16] run: quic 4433 paced stream 256 1000 60 shared cpus=2,8,9,10,11,12,13,14,15 samples=carrier-samples/1-default-quic-stream-paced-shared
[06:18:20] run: quic 4433 paced stream 256 1000 60 none cpus=2,8,9,10,11,12,13,14,15 samples=carrier-samples/1-default-quic-stream-paced-link-quic
[06:19:25] run: quic 4433 paced stream 256 1000 60 none cpus=2,8,9,10,11,12,13,14,15 samples=carrier-samples/1-default-quic-stream-paced-link-tls
[06:20:28] run: quic 4433 paced stream 256 1000 60 none cpus=2,8,9,10,11,12,13,14,15 samples=carrier-samples/1-default-quic-stream-paced-none
[06:21:32] rep 1, profile none
[06:21:35] run: quic 4433 ping datagram 64 20 cpus=2,8,9,10,11,12,13,14,15 samples=carrier-samples/1-none-quic-datagram-ping-64
[06:21:57] run: quic 4433 paced datagram 256 1000 60 none cpus=2,8,9,10,11,12,13,14,15 samples=carrier-samples/1-none-quic-datagram-paced-none
[06:23:00] run: tls 4433 ping stream 64 20 cpus=2,8,9,10,11,12,13,14,15 samples=carrier-samples/1-none-tls-stream-ping-64
[06:23:22] run: tls 4433 paced stream 256 1000 60 none cpus=2,8,9,10,11,12,13,14,15 samples=carrier-samples/1-none-tls-stream-paced-none
[06:24:24] run: quic 4433 ping stream 64 20 cpus=2,8,9,10,11,12,13,14,15 samples=carrier-samples/1-none-quic-stream-ping-64
[06:24:46] run: quic 4433 paced stream 256 1000 60 none cpus=2,8,9,10,11,12,13,14,15 samples=carrier-samples/1-none-quic-stream-paced-none
[06:25:48] run: tls 4433 bulk 20 cpus=2,8,9,10,11,12,13,14,15
[06:26:10] run: quic 4433 bulk 20 cpus=2,8,9,10,11,12,13,14,15
[06:26:33] rep 1, profile gro-only
[06:26:36] run: tls 4433 bulk 20 cpus=2,8,9,10,11,12,13,14,15
[06:26:58] run: quic 4433 bulk 20 cpus=2,8,9,10,11,12,13,14,15
[06:27:20] rep 1, profile gso-only
[06:27:23] run: tls 4433 bulk 20 cpus=2,8,9,10,11,12,13,14,15
[06:27:45] run: quic 4433 bulk 20 cpus=2,8,9,10,11,12,13,14,15
[06:28:07] rep 1, profile jumbo
[06:28:10] run: tls 4433 bulk 20 cpus=2,8,9,10,11,12,13,14,15 mtu=9001
[06:28:31] run: quic 4433 bulk 20 cpus=2,8,9,10,11,12,13,14,15 mtu=9001
[06:28:54] rep 1, profile lowat-off
[06:28:56] run: tls 4433 bulk 20 cpus=2,8,9,10,11,12,13,14,15
[06:29:19] rep 1, profile awake
[06:29:23] run: quic 4433 ping datagram 64 20 cpus=2,8,9,10,11,12,13,14,15 samples=carrier-samples/1-awake-quic-datagram-ping-64
[06:29:45] run: quic 4433 paced datagram 256 1000 60 none cpus=2,8,9,10,11,12,13,14,15 samples=carrier-samples/1-awake-quic-datagram-paced-none
[06:30:47] run: tls 4433 ping stream 64 20 cpus=2,8,9,10,11,12,13,14,15 samples=carrier-samples/1-awake-tls-stream-ping-64
[06:31:09] run: tls 4433 paced stream 256 1000 60 none cpus=2,8,9,10,11,12,13,14,15 samples=carrier-samples/1-awake-tls-stream-paced-none
[06:32:11] run: quic 4433 ping stream 64 20 cpus=2,8,9,10,11,12,13,14,15 samples=carrier-samples/1-awake-quic-stream-ping-64
[06:32:34] run: quic 4433 paced stream 256 1000 60 none cpus=2,8,9,10,11,12,13,14,15 samples=carrier-samples/1-awake-quic-stream-paced-none
[06:33:38] rep 2, profile default
[06:33:40] run: tls 4433 bulk 20 cpus=2,8,9,10,11,12,13,14,15
[06:34:02] run: quic 4433 bulk 20 cpus=2,8,9,10,11,12,13,14,15
[06:34:24] run: quic 4433 bulk 20 unsegmented cpus=2,8,9,10,11,12,13,14,15
[06:34:46] run: tls 4433 ping stream 64 20 cpus=2,8,9,10,11,12,13,14,15 samples=carrier-samples/2-default-tls-stream-ping-64
[06:35:07] run: tls 4433 ping stream 256 20 cpus=2,8,9,10,11,12,13,14,15 samples=carrier-samples/2-default-tls-stream-ping-256
[06:35:30] run: tls 4433 ping stream 1024 20 cpus=2,8,9,10,11,12,13,14,15 samples=carrier-samples/2-default-tls-stream-ping-1024
[06:35:52] run: tls 4433 ping stream 4096 20 cpus=2,8,9,10,11,12,13,14,15 samples=carrier-samples/2-default-tls-stream-ping-4096
[06:36:14] run: tls 4433 ping stream 16384 20 cpus=2,8,9,10,11,12,13,14,15 samples=carrier-samples/2-default-tls-stream-ping-16384
[06:36:36] run: tls 4433 ping stream 65536 20 cpus=2,8,9,10,11,12,13,14,15 samples=carrier-samples/2-default-tls-stream-ping-65536
[06:36:58] run: quic 4433 ping stream 64 20 cpus=2,8,9,10,11,12,13,14,15 samples=carrier-samples/2-default-quic-stream-ping-64
[06:37:20] run: quic 4433 ping stream 256 20 cpus=2,8,9,10,11,12,13,14,15 samples=carrier-samples/2-default-quic-stream-ping-256
[06:37:42] run: quic 4433 ping stream 1024 20 cpus=2,8,9,10,11,12,13,14,15 samples=carrier-samples/2-default-quic-stream-ping-1024
[06:38:04] run: quic 4433 ping stream 4096 20 cpus=2,8,9,10,11,12,13,14,15 samples=carrier-samples/2-default-quic-stream-ping-4096
[06:38:26] run: quic 4433 ping stream 16384 20 cpus=2,8,9,10,11,12,13,14,15 samples=carrier-samples/2-default-quic-stream-ping-16384
[06:38:48] run: quic 4433 ping stream 65536 20 cpus=2,8,9,10,11,12,13,14,15 samples=carrier-samples/2-default-quic-stream-ping-65536
[06:39:10] run: quic 4433 ping datagram 64 20 cpus=2,8,9,10,11,12,13,14,15 samples=carrier-samples/2-default-quic-datagram-ping-64
[06:39:33] run: quic 4433 ping datagram 256 20 cpus=2,8,9,10,11,12,13,14,15 samples=carrier-samples/2-default-quic-datagram-ping-256
[06:39:55] run: quic 4433 ping datagram 1024 20 cpus=2,8,9,10,11,12,13,14,15 samples=carrier-samples/2-default-quic-datagram-ping-1024
[06:40:19] run: tls 4433 paced stream 256 1000 60 none cpus=2,8,9,10,11,12,13,14,15 samples=carrier-samples/2-default-tls-stream-paced-link-quic
[06:41:24] run: tls 4433 paced stream 256 1000 60 none cpus=2,8,9,10,11,12,13,14,15 samples=carrier-samples/2-default-tls-stream-paced-link-tls
[06:42:27] run: tls 4433 paced stream 256 1000 60 none cpus=2,8,9,10,11,12,13,14,15 samples=carrier-samples/2-default-tls-stream-paced-none
[06:43:29] run: tls 4433 paced stream 256 1000 60 shared cpus=2,8,9,10,11,12,13,14,15 samples=carrier-samples/2-default-tls-stream-paced-shared
[06:44:33] run: quic 4433 paced stream 256 1000 60 none cpus=2,8,9,10,11,12,13,14,15 samples=carrier-samples/2-default-quic-stream-paced-link-quic
[06:45:38] run: quic 4433 paced stream 256 1000 60 none cpus=2,8,9,10,11,12,13,14,15 samples=carrier-samples/2-default-quic-stream-paced-link-tls
[06:46:41] run: quic 4433 paced stream 256 1000 60 none cpus=2,8,9,10,11,12,13,14,15 samples=carrier-samples/2-default-quic-stream-paced-none
[06:47:43] run: quic 4433 paced stream 256 1000 60 shared cpus=2,8,9,10,11,12,13,14,15 samples=carrier-samples/2-default-quic-stream-paced-shared
[06:48:47] run: quic 4433 paced datagram 256 1000 60 none cpus=2,8,9,10,11,12,13,14,15 samples=carrier-samples/2-default-quic-datagram-paced-link-quic
[06:49:53] run: quic 4433 paced datagram 256 1000 60 none cpus=2,8,9,10,11,12,13,14,15 samples=carrier-samples/2-default-quic-datagram-paced-link-tls
[06:50:56] run: quic 4433 paced datagram 256 1000 60 none cpus=2,8,9,10,11,12,13,14,15 samples=carrier-samples/2-default-quic-datagram-paced-none
[06:51:58] run: quic 4433 paced datagram 256 1000 60 shared cpus=2,8,9,10,11,12,13,14,15 samples=carrier-samples/2-default-quic-datagram-paced-shared
[06:53:01] rep 2, profile none
[06:53:03] run: tls 4433 ping stream 64 20 cpus=2,8,9,10,11,12,13,14,15 samples=carrier-samples/2-none-tls-stream-ping-64
[06:53:25] run: tls 4433 paced stream 256 1000 60 none cpus=2,8,9,10,11,12,13,14,15 samples=carrier-samples/2-none-tls-stream-paced-none
[06:54:27] run: quic 4433 ping stream 64 20 cpus=2,8,9,10,11,12,13,14,15 samples=carrier-samples/2-none-quic-stream-ping-64
[06:54:49] run: quic 4433 paced stream 256 1000 60 none cpus=2,8,9,10,11,12,13,14,15 samples=carrier-samples/2-none-quic-stream-paced-none
[06:55:51] run: quic 4433 ping datagram 64 20 cpus=2,8,9,10,11,12,13,14,15 samples=carrier-samples/2-none-quic-datagram-ping-64
[06:56:13] run: quic 4433 paced datagram 256 1000 60 none cpus=2,8,9,10,11,12,13,14,15 samples=carrier-samples/2-none-quic-datagram-paced-none
[06:57:15] run: quic 4433 bulk 20 cpus=2,8,9,10,11,12,13,14,15
[06:57:37] run: tls 4433 bulk 20 cpus=2,8,9,10,11,12,13,14,15
[06:58:00] rep 2, profile gro-only
[06:58:02] run: quic 4433 bulk 20 cpus=2,8,9,10,11,12,13,14,15
[06:58:24] run: tls 4433 bulk 20 cpus=2,8,9,10,11,12,13,14,15
[06:58:46] rep 2, profile gso-only
[06:58:48] run: quic 4433 bulk 20 cpus=2,8,9,10,11,12,13,14,15
[06:59:10] run: tls 4433 bulk 20 cpus=2,8,9,10,11,12,13,14,15
[06:59:32] rep 2, profile jumbo
[06:59:35] run: quic 4433 bulk 20 cpus=2,8,9,10,11,12,13,14,15 mtu=9001
[06:59:56] run: tls 4433 bulk 20 cpus=2,8,9,10,11,12,13,14,15 mtu=9001
[07:00:19] rep 2, profile lowat-off
[07:00:21] run: tls 4433 bulk 20 cpus=2,8,9,10,11,12,13,14,15
[07:00:43] rep 2, profile awake
[07:00:46] run: tls 4433 ping stream 64 20 cpus=2,8,9,10,11,12,13,14,15 samples=carrier-samples/2-awake-tls-stream-ping-64
[07:01:08] run: tls 4433 paced stream 256 1000 60 none cpus=2,8,9,10,11,12,13,14,15 samples=carrier-samples/2-awake-tls-stream-paced-none
[07:02:10] run: quic 4433 ping stream 64 20 cpus=2,8,9,10,11,12,13,14,15 samples=carrier-samples/2-awake-quic-stream-ping-64
[07:02:32] run: quic 4433 paced stream 256 1000 60 none cpus=2,8,9,10,11,12,13,14,15 samples=carrier-samples/2-awake-quic-stream-paced-none
[07:03:34] run: quic 4433 ping datagram 64 20 cpus=2,8,9,10,11,12,13,14,15 samples=carrier-samples/2-awake-quic-datagram-ping-64
[07:03:56] run: quic 4433 paced datagram 256 1000 60 none cpus=2,8,9,10,11,12,13,14,15 samples=carrier-samples/2-awake-quic-datagram-paced-none
[07:04:59] rep 3, profile default
[07:05:01] run: quic 4433 bulk 20 cpus=2,8,9,10,11,12,13,14,15
[07:05:23] run: quic 4433 bulk 20 unsegmented cpus=2,8,9,10,11,12,13,14,15
[07:05:45] run: tls 4433 bulk 20 cpus=2,8,9,10,11,12,13,14,15
[07:06:07] run: quic 4433 ping stream 64 20 cpus=2,8,9,10,11,12,13,14,15 samples=carrier-samples/3-default-quic-stream-ping-64
[07:06:29] run: quic 4433 ping stream 256 20 cpus=2,8,9,10,11,12,13,14,15 samples=carrier-samples/3-default-quic-stream-ping-256
[07:06:51] run: quic 4433 ping stream 1024 20 cpus=2,8,9,10,11,12,13,14,15 samples=carrier-samples/3-default-quic-stream-ping-1024
[07:07:13] run: quic 4433 ping stream 4096 20 cpus=2,8,9,10,11,12,13,14,15 samples=carrier-samples/3-default-quic-stream-ping-4096
[07:07:35] run: quic 4433 ping stream 16384 20 cpus=2,8,9,10,11,12,13,14,15 samples=carrier-samples/3-default-quic-stream-ping-16384
[07:07:57] run: quic 4433 ping stream 65536 20 cpus=2,8,9,10,11,12,13,14,15 samples=carrier-samples/3-default-quic-stream-ping-65536
[07:08:19] run: quic 4433 ping datagram 64 20 cpus=2,8,9,10,11,12,13,14,15 samples=carrier-samples/3-default-quic-datagram-ping-64
[07:08:41] run: quic 4433 ping datagram 256 20 cpus=2,8,9,10,11,12,13,14,15 samples=carrier-samples/3-default-quic-datagram-ping-256
[07:09:03] run: quic 4433 ping datagram 1024 20 cpus=2,8,9,10,11,12,13,14,15 samples=carrier-samples/3-default-quic-datagram-ping-1024
[07:09:25] run: tls 4433 ping stream 64 20 cpus=2,8,9,10,11,12,13,14,15 samples=carrier-samples/3-default-tls-stream-ping-64
[07:09:47] run: tls 4433 ping stream 256 20 cpus=2,8,9,10,11,12,13,14,15 samples=carrier-samples/3-default-tls-stream-ping-256
[07:10:09] run: tls 4433 ping stream 1024 20 cpus=2,8,9,10,11,12,13,14,15 samples=carrier-samples/3-default-tls-stream-ping-1024
[07:10:31] run: tls 4433 ping stream 4096 20 cpus=2,8,9,10,11,12,13,14,15 samples=carrier-samples/3-default-tls-stream-ping-4096
[07:10:52] run: tls 4433 ping stream 16384 20 cpus=2,8,9,10,11,12,13,14,15 samples=carrier-samples/3-default-tls-stream-ping-16384
[07:11:14] run: tls 4433 ping stream 65536 20 cpus=2,8,9,10,11,12,13,14,15 samples=carrier-samples/3-default-tls-stream-ping-65536
[07:11:38] run: quic 4433 paced stream 256 1000 60 none cpus=2,8,9,10,11,12,13,14,15 samples=carrier-samples/3-default-quic-stream-paced-link-tls
[07:12:41] run: quic 4433 paced stream 256 1000 60 none cpus=2,8,9,10,11,12,13,14,15 samples=carrier-samples/3-default-quic-stream-paced-none
[07:13:43] run: quic 4433 paced stream 256 1000 60 shared cpus=2,8,9,10,11,12,13,14,15 samples=carrier-samples/3-default-quic-stream-paced-shared
[07:14:47] run: quic 4433 paced stream 256 1000 60 none cpus=2,8,9,10,11,12,13,14,15 samples=carrier-samples/3-default-quic-stream-paced-link-quic
[07:15:53] run: quic 4433 paced datagram 256 1000 60 none cpus=2,8,9,10,11,12,13,14,15 samples=carrier-samples/3-default-quic-datagram-paced-link-tls
[07:16:56] run: quic 4433 paced datagram 256 1000 60 none cpus=2,8,9,10,11,12,13,14,15 samples=carrier-samples/3-default-quic-datagram-paced-none
[07:17:58] run: quic 4433 paced datagram 256 1000 60 shared cpus=2,8,9,10,11,12,13,14,15 samples=carrier-samples/3-default-quic-datagram-paced-shared
[07:19:02] run: quic 4433 paced datagram 256 1000 60 none cpus=2,8,9,10,11,12,13,14,15 samples=carrier-samples/3-default-quic-datagram-paced-link-quic
[07:20:07] run: tls 4433 paced stream 256 1000 60 none cpus=2,8,9,10,11,12,13,14,15 samples=carrier-samples/3-default-tls-stream-paced-link-tls
[07:21:11] run: tls 4433 paced stream 256 1000 60 none cpus=2,8,9,10,11,12,13,14,15 samples=carrier-samples/3-default-tls-stream-paced-none
[07:22:13] run: tls 4433 paced stream 256 1000 60 shared cpus=2,8,9,10,11,12,13,14,15 samples=carrier-samples/3-default-tls-stream-paced-shared
[07:23:16] run: tls 4433 paced stream 256 1000 60 none cpus=2,8,9,10,11,12,13,14,15 samples=carrier-samples/3-default-tls-stream-paced-link-quic
[07:24:21] rep 3, profile none
[07:24:23] run: quic 4433 ping stream 64 20 cpus=2,8,9,10,11,12,13,14,15 samples=carrier-samples/3-none-quic-stream-ping-64
[07:24:45] run: quic 4433 paced stream 256 1000 60 none cpus=2,8,9,10,11,12,13,14,15 samples=carrier-samples/3-none-quic-stream-paced-none
[07:25:47] run: quic 4433 ping datagram 64 20 cpus=2,8,9,10,11,12,13,14,15 samples=carrier-samples/3-none-quic-datagram-ping-64
[07:26:09] run: quic 4433 paced datagram 256 1000 60 none cpus=2,8,9,10,11,12,13,14,15 samples=carrier-samples/3-none-quic-datagram-paced-none
[07:27:11] run: tls 4433 ping stream 64 20 cpus=2,8,9,10,11,12,13,14,15 samples=carrier-samples/3-none-tls-stream-ping-64
[07:27:33] run: tls 4433 paced stream 256 1000 60 none cpus=2,8,9,10,11,12,13,14,15 samples=carrier-samples/3-none-tls-stream-paced-none
[07:28:35] run: tls 4433 bulk 20 cpus=2,8,9,10,11,12,13,14,15
[07:28:57] run: quic 4433 bulk 20 cpus=2,8,9,10,11,12,13,14,15
[07:29:20] rep 3, profile gro-only
[07:29:22] run: tls 4433 bulk 20 cpus=2,8,9,10,11,12,13,14,15
[07:29:44] run: quic 4433 bulk 20 cpus=2,8,9,10,11,12,13,14,15
[07:30:06] rep 3, profile gso-only
[07:30:08] run: tls 4433 bulk 20 cpus=2,8,9,10,11,12,13,14,15
[07:30:30] run: quic 4433 bulk 20 cpus=2,8,9,10,11,12,13,14,15
[07:30:53] rep 3, profile jumbo
[07:30:55] run: tls 4433 bulk 20 cpus=2,8,9,10,11,12,13,14,15 mtu=9001
[07:31:17] run: quic 4433 bulk 20 cpus=2,8,9,10,11,12,13,14,15 mtu=9001
[07:31:39] rep 3, profile lowat-off
[07:31:42] run: tls 4433 bulk 20 cpus=2,8,9,10,11,12,13,14,15
[07:32:04] rep 3, profile awake
[07:32:07] run: quic 4433 ping stream 64 20 cpus=2,8,9,10,11,12,13,14,15 samples=carrier-samples/3-awake-quic-stream-ping-64
[07:32:29] run: quic 4433 paced stream 256 1000 60 none cpus=2,8,9,10,11,12,13,14,15 samples=carrier-samples/3-awake-quic-stream-paced-none
[07:33:31] run: quic 4433 ping datagram 64 20 cpus=2,8,9,10,11,12,13,14,15 samples=carrier-samples/3-awake-quic-datagram-ping-64
[07:33:53] run: quic 4433 paced datagram 256 1000 60 none cpus=2,8,9,10,11,12,13,14,15 samples=carrier-samples/3-awake-quic-datagram-paced-none
[07:34:55] run: tls 4433 ping stream 64 20 cpus=2,8,9,10,11,12,13,14,15 samples=carrier-samples/3-awake-tls-stream-ping-64
[07:35:17] run: tls 4433 paced stream 256 1000 60 none cpus=2,8,9,10,11,12,13,14,15 samples=carrier-samples/3-awake-tls-stream-paced-none
[07:36:20] done: results/20261005T060204Z
exit=0
